{"error": "No faces detected in the image"}

[1m1/1[0m [32m━━━━━━━━━━━━━━━━━━━━[0m[37m[0m [1m0s[0m 7s/step
[1m1/1[0m [32m━━━━━━━━━━━━━━━━━━━━[0m[37m[0m [1m7s[0m 7s/step
{"prediction": [{"label": "Ejie Florida (0.81)", "confidence": 0.8053086400032043}]}

[1m1/1[0m [32m━━━━━━━━━━━━━━━━━━━━[0m[37m[0m [1m0s[0m 7s/step
[1m1/1[0m [32m━━━━━━━━━━━━━━━━━━━━[0m[37m[0m [1m7s[0m 7s/step

[1m1/1[0m [32m━━━━━━━━━━━━━━━━━━━━[0m[37m[0m [1m0s[0m 177ms/step
[1m1/1[0m [32m━━━━━━━━━━━━━━━━━━━━[0m[37m[0m [1m0s[0m 177ms/step
{"prediction": [{"label": "Ejie Florida (0.80)", "confidence": 0.7975106239318848}, {"label": "Unauthorized (0.20)", "confidence": 0.20357969403266907}]}

[1m1/1[0m [32m━━━━━━━━━━━━━━━━━━━━[0m[37m[0m [1m0s[0m 7s/step
[1m1/1[0m [32m━━━━━━━━━━━━━━━━━━━━[0m[37m[0m [1m7s[0m 7s/step
{"prediction": [{"label": "Ejie Florida (0.80)", "confidence": 0.7997963428497314}]}

[1m1/1[0m [32m━━━━━━━━━━━━━━━━━━━━[0m[37m[0m [1m0s[0m 7s/step
[1m1/1[0m [32m━━━━━━━━━━━━━━━━━━━━[0m[37m[0m [1m7s[0m 7s/step
{"prediction": [{"label": "Ejie Florida (0.76)", "confidence": 0.7566874027252197}]}

[1m1/1[0m [32m━━━━━━━━━━━━━━━━━━━━[0m[37m[0m [1m0s[0m 6s/step
[1m1/1[0m [32m━━━━━━━━━━━━━━━━━━━━[0m[37m[0m [1m6s[0m 6s/step
{"prediction": [{"label": "Ejie Florida (0.81)", "confidence": 0.8130463361740112}]}

[1m1/1[0m [32m━━━━━━━━━━━━━━━━━━━━[0m[37m[0m [1m0s[0m 3s/step
[1m1/1[0m [32m━━━━━━━━━━━━━━━━━━━━[0m[37m[0m [1m3s[0m 3s/step
{"prediction": [{"label": "Ejie Florida (0.83)", "confidence": 0.8266506791114807}]}

[1m1/1[0m [32m━━━━━━━━━━━━━━━━━━━━[0m[37m[0m [1m0s[0m 3s/step
[1m1/1[0m [32m━━━━━━━━━━━━━━━━━━━━[0m[37m[0m [1m3s[0m 3s/step
{"prediction": [{"label": "Ejie Florida (0.83)", "confidence": 0.8281726837158203}]}

[1m1/1[0m [32m━━━━━━━━━━━━━━━━━━━━[0m[37m[0m [1m0s[0m 3s/step
[1m1/1[0m [32m━━━━━━━━━━━━━━━━━━━━[0m[37m[0m [1m3s[0m 3s/step
{"prediction": [{"label": "Ejie Florida (0.79)", "confidence": 0.7866983413696289}]}

[1m1/1[0m [32m━━━━━━━━━━━━━━━━━━━━[0m[37m[0m [1m0s[0m 3s/step
[1m1/1[0m [32m━━━━━━━━━━━━━━━━━━━━[0m[37m[0m [1m3s[0m 3s/step
{"prediction": [{"label": "Ejie Florida (0.86)", "confidence": 0.8590647578239441}]}

[1m1/1[0m [32m━━━━━━━━━━━━━━━━━━━━[0m[37m[0m [1m0s[0m 3s/step
[1m1/1[0m [32m━━━━━━━━━━━━━━━━━━━━[0m[37m[0m [1m3s[0m 3s/step
{"prediction": [{"label": "Ejie Florida (0.85)", "confidence": 0.8485317230224609}]}

[1m1/1[0m [32m━━━━━━━━━━━━━━━━━━━━[0m[37m[0m [1m0s[0m 3s/step
[1m1/1[0m [32m━━━━━━━━━━━━━━━━━━━━[0m[37m[0m [1m3s[0m 3s/step
{"prediction": [{"label": "Ejie Florida (0.87)", "confidence": 0.8661815524101257}]}

[1m1/1[0m [32m━━━━━━━━━━━━━━━━━━━━[0m[37m[0m [1m0s[0m 3s/step
[1m1/1[0m [32m━━━━━━━━━━━━━━━━━━━━[0m[37m[0m [1m3s[0m 3s/step
{"prediction": [{"label": "Ejie Florida (0.82)", "confidence": 0.8162860870361328}]}

[1m1/1[0m [32m━━━━━━━━━━━━━━━━━━━━[0m[37m[0m [1m0s[0m 3s/step
[1m1/1[0m [32m━━━━━━━━━━━━━━━━━━━━[0m[37m[0m [1m3s[0m 3s/step
{"prediction": [{"label": "Ejie Florida (0.85)", "confidence": 0.8488112688064575}]}

[1m1/1[0m [32m━━━━━━━━━━━━━━━━━━━━[0m[37m[0m [1m0s[0m 3s/step
[1m1/1[0m [32m━━━━━━━━━━━━━━━━━━━━[0m[37m[0m [1m3s[0m 3s/step
{"prediction": [{"label": "Ejie Florida (0.80)", "confidence": 0.7975996732711792}]}

[1m1/1[0m [32m━━━━━━━━━━━━━━━━━━━━[0m[37m[0m [1m0s[0m 3s/step
[1m1/1[0m [32m━━━━━━━━━━━━━━━━━━━━[0m[37m[0m [1m3s[0m 3s/step
{"prediction": [{"label": "Unauthorized (0.69)", "confidence": 0.691545844078064}]}
{"error": "No faces detected in the image"}

[1m1/1[0m [32m━━━━━━━━━━━━━━━━━━━━[0m[37m[0m [1m0s[0m 3s/step
[1m1/1[0m [32m━━━━━━━━━━━━━━━━━━━━[0m[37m[0m [1m3s[0m 3s/step
{"prediction": [{"label": "Ejie Florida (0.80)", "confidence": 0.8001953363418579}]}
{"error": "No faces detected in the image"}

[1m1/1[0m [32m━━━━━━━━━━━━━━━━━━━━[0m[37m[0m [1m0s[0m 3s/step
[1m1/1[0m [32m━━━━━━━━━━━━━━━━━━━━[0m[37m[0m [1m3s[0m 3s/step
{"prediction": [{"label": "Ejie Florida (0.81)", "confidence": 0.8147783875465393}]}
{"error": "No faces detected in the image"}
{"error": "No faces detected in the image"}
{"error": "No faces detected in the image"}
{"error": "No faces detected in the image"}
{"error": "No faces detected in the image"}
{"error": "No faces detected in the image"}
{"error": "No faces detected in the image"}

[1m1/1[0m [32m━━━━━━━━━━━━━━━━━━━━[0m[37m[0m [1m0s[0m 3s/step
[1m1/1[0m [32m━━━━━━━━━━━━━━━━━━━━[0m[37m[0m [1m3s[0m 3s/step
{"prediction": [{"label": "Unauthorized (0.13)", "confidence": 0.1330556422472}]}

[1m1/1[0m [32m━━━━━━━━━━━━━━━━━━━━[0m[37m[0m [1m0s[0m 3s/step
[1m1/1[0m [32m━━━━━━━━━━━━━━━━━━━━[0m[37m[0m [1m3s[0m 3s/step
{"prediction": [{"label": "Unauthorized (0.04)", "confidence": 0.0436980277299881}]}
{"error": "No faces detected in the image"}
{"error": "No faces detected in the image"}
{"error": "No faces detected in the image"}
{"error": "No faces detected in the image"}
{"error": "No faces detected in the image"}
{"error": "No faces detected in the image"}
{"error": "No faces detected in the image"}
{"error": "No faces detected in the image"}
{"error": "No faces detected in the image"}
{"error": "No faces detected in the image"}
{"error": "No faces detected in the image"}
{"error": "No faces detected in the image"}
{"error": "No faces detected in the image"}
{"error": "No faces detected in the image"}
{"error": "No faces detected in the image"}
{"error": "No faces detected in the image"}
{"error": "No faces detected in the image"}
{"error": "No faces detected in the image"}

[1m1/1[0m [32m━━━━━━━━━━━━━━━━━━━━[0m[37m[0m [1m0s[0m 3s/step
[1m1/1[0m [32m━━━━━━━━━━━━━━━━━━━━[0m[37m[0m [1m3s[0m 3s/step
{"prediction": [{"label": "Ejie Florida (0.80)", "confidence": 0.7958624362945557}]}
{"error": "No faces detected in the image"}
{"error": "No faces detected in the image"}

[1m1/1[0m [32m━━━━━━━━━━━━━━━━━━━━[0m[37m[0m [1m0s[0m 4s/step
[1m1/1[0m [32m━━━━━━━━━━━━━━━━━━━━[0m[37m[0m [1m4s[0m 4s/step
{"prediction": [{"label": "Ejie Florida (0.79)", "confidence": 0.787480354309082}]}

[1m1/1[0m [32m━━━━━━━━━━━━━━━━━━━━[0m[37m[0m [1m0s[0m 3s/step
[1m1/1[0m [32m━━━━━━━━━━━━━━━━━━━━[0m[37m[0m [1m3s[0m 3s/step
{"prediction": [{"label": "Ejie Florida (0.81)", "confidence": 0.8128382563591003}]}
{"error": "No faces detected in the image"}
{"error": "No faces detected in the image"}
{"error": "No faces detected in the image"}
{"error": "No faces detected in the image"}
{"error": "No faces detected in the image"}
{"error": "No faces detected in the image"}
{"error": "No faces detected in the image"}
{"error": "No faces detected in the image"}
{"error": "No faces detected in the image"}
{"error": "No faces detected in the image"}
{"error": "No faces detected in the image"}
{"error": "No faces detected in the image"}
{"error": "No faces detected in the image"}
{"error": "No faces detected in the image"}
{"error": "No faces detected in the image"}
{"error": "No faces detected in the image"}
{"error": "No faces detected in the image"}
{"error": "No faces detected in the image"}
{"error": "No faces detected in the image"}
{"error": "No faces detected in the image"}
{"error": "No faces detected in the image"}
{"error": "No faces detected in the image"}
{"error": "No faces detected in the image"}
{"error": "No faces detected in the image"}
{"error": "No faces detected in the image"}
{"error": "No faces detected in the image"}
{"error": "No faces detected in the image"}
{"error": "No faces detected in the image"}

[1m1/1[0m [32m━━━━━━━━━━━━━━━━━━━━[0m[37m[0m [1m0s[0m 4s/step
[1m1/1[0m [32m━━━━━━━━━━━━━━━━━━━━[0m[37m[0m [1m4s[0m 4s/step
{"prediction": [{"label": "Ejie Florida (0.80)", "confidence": 0.8029073476791382}]}

[1m1/1[0m [32m━━━━━━━━━━━━━━━━━━━━[0m[37m[0m [1m0s[0m 4s/step
[1m1/1[0m [32m━━━━━━━━━━━━━━━━━━━━[0m[37m[0m [1m4s[0m 4s/step
{"prediction": [{"label": "Ejie Florida (0.82)", "confidence": 0.8183332681655884}]}
{"error": "No faces detected in the image"}
{"error": "No faces detected in the image"}
{"error": "No faces detected in the image"}
{"error": "No faces detected in the image"}
{"error": "No faces detected in the image"}
{"error": "No faces detected in the image"}
{"error": "No faces detected in the image"}
{"error": "No faces detected in the image"}
{"error": "No faces detected in the image"}
{"error": "No faces detected in the image"}
{"error": "No faces detected in the image"}
{"error": "No faces detected in the image"}
{"error": "No faces detected in the image"}

[1m1/1[0m [32m━━━━━━━━━━━━━━━━━━━━[0m[37m[0m [1m0s[0m 4s/step
[1m1/1[0m [32m━━━━━━━━━━━━━━━━━━━━[0m[37m[0m [1m4s[0m 4s/step
{"prediction": [{"label": "Ejie Florida (0.75)", "confidence": 0.7510517835617065}]}
{"error": "No faces detected in the image"}
{"error": "No faces detected in the image"}
{"error": "No faces detected in the image"}
{"error": "No faces detected in the image"}
{"error": "No faces detected in the image"}
{"error": "No faces detected in the image"}
{"error": "No faces detected in the image"}
{"error": "No faces detected in the image"}
{"error": "No faces detected in the image"}
{"error": "No faces detected in the image"}
{"error": "No faces detected in the image"}
{"error": "No faces detected in the image"}
{"error": "No faces detected in the image"}
{"error": "No faces detected in the image"}
{"error": "No faces detected in the image"}
{"error": "No faces detected in the image"}
{"error": "No faces detected in the image"}
{"error": "No faces detected in the image"}
{"error": "No faces detected in the image"}
{"error": "No faces detected in the image"}
{"error": "No faces detected in the image"}
{"error": "No faces detected in the image"}
{"error": "No faces detected in the image"}
{"error": "No faces detected in the image"}
{"error": "No faces detected in the image"}
{"error": "No faces detected in the image"}
{"error": "No faces detected in the image"}
{"error": "No faces detected in the image"}
{"error": "No faces detected in the image"}
{"error": "No faces detected in the image"}
{"error": "No faces detected in the image"}
{"error": "No faces detected in the image"}
{"error": "No faces detected in the image"}
{"error": "No faces detected in the image"}
{"error": "No faces detected in the image"}
{"error": "No faces detected in the image"}
{"error": "No faces detected in the image"}
{"error": "No faces detected in the image"}
{"error": "No faces detected in the image"}
{"error": "No faces detected in the image"}
{"error": "No faces detected in the image"}

[1m1/1[0m [32m━━━━━━━━━━━━━━━━━━━━[0m[37m[0m [1m0s[0m 3s/step
[1m1/1[0m [32m━━━━━━━━━━━━━━━━━━━━[0m[37m[0m [1m3s[0m 3s/step
{"prediction": [{"label": "Unauthorized (0.58)", "confidence": 0.5802519917488098}]}

[1m1/1[0m [32m━━━━━━━━━━━━━━━━━━━━[0m[37m[0m [1m0s[0m 4s/step
[1m1/1[0m [32m━━━━━━━━━━━━━━━━━━━━[0m[37m[0m [1m4s[0m 4s/step
{"prediction": [{"label": "Unauthorized (0.13)", "confidence": 0.12525799870491028}]}
{"error": "No faces detected in the image"}
{"error": "No faces detected in the image"}
{"error": "No faces detected in the image"}

[1m1/1[0m [32m━━━━━━━━━━━━━━━━━━━━[0m[37m[0m [1m0s[0m 3s/step
[1m1/1[0m [32m━━━━━━━━━━━━━━━━━━━━[0m[37m[0m [1m3s[0m 3s/step
{"prediction": [{"label": "Unauthorized (0.60)", "confidence": 0.6020684838294983}]}
{"error": "No faces detected in the image"}
{"error": "No faces detected in the image"}
{"error": "No faces detected in the image"}

[1m1/1[0m [32m━━━━━━━━━━━━━━━━━━━━[0m[37m[0m [1m0s[0m 4s/step
[1m1/1[0m [32m━━━━━━━━━━━━━━━━━━━━[0m[37m[0m [1m4s[0m 4s/step
{"prediction": [{"label": "Unauthorized (0.08)", "confidence": 0.0799085795879364}]}
{"error": "No faces detected in the image"}

[1m1/1[0m [32m━━━━━━━━━━━━━━━━━━━━[0m[37m[0m [1m0s[0m 3s/step
[1m1/1[0m [32m━━━━━━━━━━━━━━━━━━━━[0m[37m[0m [1m3s[0m 3s/step
{"prediction": [{"label": "Unauthorized (0.07)", "confidence": 0.06699094921350479}]}
{"error": "No faces detected in the image"}
{"error": "No faces detected in the image"}
{"error": "No faces detected in the image"}
{"error": "No faces detected in the image"}
{"error": "No faces detected in the image"}

[1m1/1[0m [32m━━━━━━━━━━━━━━━━━━━━[0m[37m[0m [1m0s[0m 3s/step
[1m1/1[0m [32m━━━━━━━━━━━━━━━━━━━━[0m[37m[0m [1m3s[0m 3s/step
{"prediction": [{"label": "Ejie Florida (0.77)", "confidence": 0.7706597447395325}]}
{"error": "No faces detected in the image"}

[1m1/1[0m [32m━━━━━━━━━━━━━━━━━━━━[0m[37m[0m [1m0s[0m 3s/step
[1m1/1[0m [32m━━━━━━━━━━━━━━━━━━━━[0m[37m[0m [1m3s[0m 3s/step
{"prediction": [{"label": "Unauthorized (0.01)", "confidence": 0.010709177702665329}]}
{"error": "No faces detected in the image"}
{"error": "No faces detected in the image"}
{"error": "No faces detected in the image"}
{"error": "No faces detected in the image"}
{"error": "No faces detected in the image"}
{"error": "No faces detected in the image"}
{"error": "No faces detected in the image"}
{"error": "No faces detected in the image"}

[1m1/1[0m [32m━━━━━━━━━━━━━━━━━━━━[0m[37m[0m [1m0s[0m 3s/step
[1m1/1[0m [32m━━━━━━━━━━━━━━━━━━━━[0m[37m[0m [1m3s[0m 3s/step
{"prediction": [{"label": "Ejie Florida (0.83)", "confidence": 0.829788088798523}]}
{"error": "No faces detected in the image"}
{"error": "No faces detected in the image"}
{"error": "No faces detected in the image"}

[1m1/1[0m [32m━━━━━━━━━━━━━━━━━━━━[0m[37m[0m [1m0s[0m 3s/step
[1m1/1[0m [32m━━━━━━━━━━━━━━━━━━━━[0m[37m[0m [1m3s[0m 3s/step
{"prediction": [{"label": "Ejie Florida (0.81)", "confidence": 0.8115219473838806}]}

[1m1/1[0m [32m━━━━━━━━━━━━━━━━━━━━[0m[37m[0m [1m0s[0m 3s/step
[1m1/1[0m [32m━━━━━━━━━━━━━━━━━━━━[0m[37m[0m [1m3s[0m 3s/step
{"prediction": [{"label": "Ejie Florida (0.81)", "confidence": 0.8105911016464233}]}

[1m1/1[0m [32m━━━━━━━━━━━━━━━━━━━━[0m[37m[0m [1m0s[0m 3s/step
[1m1/1[0m [32m━━━━━━━━━━━━━━━━━━━━[0m[37m[0m [1m3s[0m 3s/step
{"prediction": [{"label": "Ejie Florida (0.77)", "confidence": 0.7716473340988159}]}

[1m1/1[0m [32m━━━━━━━━━━━━━━━━━━━━[0m[37m[0m [1m0s[0m 3s/step
[1m1/1[0m [32m━━━━━━━━━━━━━━━━━━━━[0m[37m[0m [1m3s[0m 3s/step
{"prediction": [{"label": "Ejie Florida (0.73)", "confidence": 0.7333939671516418}]}

[1m1/1[0m [32m━━━━━━━━━━━━━━━━━━━━[0m[37m[0m [1m0s[0m 4s/step
[1m1/1[0m [32m━━━━━━━━━━━━━━━━━━━━[0m[37m[0m [1m4s[0m 4s/step
{"prediction": [{"label": "Ejie Florida (0.80)", "confidence": 0.7987449765205383}]}

[1m1/1[0m [32m━━━━━━━━━━━━━━━━━━━━[0m[37m[0m [1m0s[0m 4s/step
[1m1/1[0m [32m━━━━━━━━━━━━━━━━━━━━[0m[37m[0m [1m4s[0m 4s/step
{"prediction": [{"label": "Ejie Florida (0.79)", "confidence": 0.7916135191917419}]}

[1m1/1[0m [32m━━━━━━━━━━━━━━━━━━━━[0m[37m[0m [1m0s[0m 3s/step
[1m1/1[0m [32m━━━━━━━━━━━━━━━━━━━━[0m[37m[0m [1m3s[0m 3s/step
{"prediction": [{"label": "Ejie Florida (0.79)", "confidence": 0.7925440073013306}]}

[1m1/1[0m [32m━━━━━━━━━━━━━━━━━━━━[0m[37m[0m [1m0s[0m 7s/step
[1m1/1[0m [32m━━━━━━━━━━━━━━━━━━━━[0m[37m[0m [1m7s[0m 7s/step
{"prediction": [{"label": "Ejie Florida (0.82)", "confidence": 0.8217852115631104}]}

[1m1/1[0m [32m━━━━━━━━━━━━━━━━━━━━[0m[37m[0m [1m0s[0m 9s/step
[1m1/1[0m [32m━━━━━━━━━━━━━━━━━━━━[0m[37m[0m [1m9s[0m 9s/step
{"prediction": [{"label": "Ejie Florida (0.81)", "confidence": 0.8104193806648254}]}

[1m1/1[0m [32m━━━━━━━━━━━━━━━━━━━━[0m[37m[0m [1m0s[0m 7s/step
[1m1/1[0m [32m━━━━━━━━━━━━━━━━━━━━[0m[37m[0m [1m7s[0m 7s/step
{"prediction": [{"label": "Ejie Florida (0.81)", "confidence": 0.8104193806648254}]}

[1m1/1[0m [32m━━━━━━━━━━━━━━━━━━━━[0m[37m[0m [1m0s[0m 3s/step
[1m1/1[0m [32m━━━━━━━━━━━━━━━━━━━━[0m[37m[0m [1m3s[0m 3s/step
{"prediction": [{"label": "Ejie Florida (0.80)", "confidence": 0.8027442693710327}]}

[1m1/1[0m [32m━━━━━━━━━━━━━━━━━━━━[0m[37m[0m [1m0s[0m 3s/step
[1m1/1[0m [32m━━━━━━━━━━━━━━━━━━━━[0m[37m[0m [1m3s[0m 3s/step
{"prediction": [{"label": "Athena Campania (0.77)", "confidence": 0.7707866430282593}]}

[1m1/1[0m [32m━━━━━━━━━━━━━━━━━━━━[0m[37m[0m [1m0s[0m 3s/step
[1m1/1[0m [32m━━━━━━━━━━━━━━━━━━━━[0m[37m[0m [1m3s[0m 3s/step
{"prediction": [{"label": "Mary Ann Paulin (0.77)", "confidence": 0.7703063488006592}]}

[1m1/1[0m [32m━━━━━━━━━━━━━━━━━━━━[0m[37m[0m [1m0s[0m 3s/step
[1m1/1[0m [32m━━━━━━━━━━━━━━━━━━━━[0m[37m[0m [1m3s[0m 3s/step
{"prediction": [{"label": "Claire Sacro (0.82)", "confidence": 0.824212908744812}]}

[1m1/1[0m [32m━━━━━━━━━━━━━━━━━━━━[0m[37m[0m [1m0s[0m 3s/step
[1m1/1[0m [32m━━━━━━━━━━━━━━━━━━━━[0m[37m[0m [1m3s[0m 3s/step
{"prediction": [{"label": "Lalaine Melgazo (0.80)", "confidence": 0.8036501407623291}]}

[1m1/1[0m [32m━━━━━━━━━━━━━━━━━━━━[0m[37m[0m [1m0s[0m 3s/step
[1m1/1[0m [32m━━━━━━━━━━━━━━━━━━━━[0m[37m[0m [1m3s[0m 3s/step
{"prediction": [{"label": "Unauthorized (0.67)", "confidence": 0.6686142683029175}]}

[1m1/1[0m [32m━━━━━━━━━━━━━━━━━━━━[0m[37m[0m [1m0s[0m 8s/step
[1m1/1[0m [32m━━━━━━━━━━━━━━━━━━━━[0m[37m[0m [1m8s[0m 8s/step
{"prediction": [{"label": "Unauthorized (0.69)", "confidence": 0.6917610168457031}]}

[1m1/1[0m [32m━━━━━━━━━━━━━━━━━━━━[0m[37m[0m [1m0s[0m 8s/step
[1m1/1[0m [32m━━━━━━━━━━━━━━━━━━━━[0m[37m[0m [1m8s[0m 8s/step
{"prediction": [{"label": "Ejie Florida (0.84)", "confidence": 0.8430188894271851}]}

[1m1/1[0m [32m━━━━━━━━━━━━━━━━━━━━[0m[37m[0m [1m0s[0m 8s/step
[1m1/1[0m [32m━━━━━━━━━━━━━━━━━━━━[0m[37m[0m [1m8s[0m 8s/step
{"prediction": [{"label": "Athena Campania (0.72)", "confidence": 0.7243081331253052}]}

[1m1/1[0m [32m━━━━━━━━━━━━━━━━━━━━[0m[37m[0m [1m0s[0m 8s/step
[1m1/1[0m [32m━━━━━━━━━━━━━━━━━━━━[0m[37m[0m [1m8s[0m 8s/step
{"prediction": [{"label": "Athena Campania (0.73)", "confidence": 0.734524130821228}]}

[1m1/1[0m [32m━━━━━━━━━━━━━━━━━━━━[0m[37m[0m [1m0s[0m 8s/step
[1m1/1[0m [32m━━━━━━━━━━━━━━━━━━━━[0m[37m[0m [1m8s[0m 8s/step
{"prediction": [{"label": "Unauthorized (0.77)", "confidence": 0.7722021341323853}]}

[1m1/1[0m [32m━━━━━━━━━━━━━━━━━━━━[0m[37m[0m [1m0s[0m 8s/step
[1m1/1[0m [32m━━━━━━━━━━━━━━━━━━━━[0m[37m[0m [1m8s[0m 8s/step
{"prediction": [{"label": "Unauthorized (0.78)", "confidence": 0.7752482891082764}]}

[1m1/1[0m [32m━━━━━━━━━━━━━━━━━━━━[0m[37m[0m [1m0s[0m 8s/step
[1m1/1[0m [32m━━━━━━━━━━━━━━━━━━━━[0m[37m[0m [1m8s[0m 8s/step
{"prediction": [{"label": "Unauthorized (0.72)", "confidence": 0.7225300669670105}]}

[1m1/1[0m [32m━━━━━━━━━━━━━━━━━━━━[0m[37m[0m [1m0s[0m 8s/step
[1m1/1[0m [32m━━━━━━━━━━━━━━━━━━━━[0m[37m[0m [1m8s[0m 8s/step
{"prediction": [{"label": "Ejie Florida (0.83)", "confidence": 0.8259493112564087}]}

[1m1/1[0m [32m━━━━━━━━━━━━━━━━━━━━[0m[37m[0m [1m0s[0m 8s/step
[1m1/1[0m [32m━━━━━━━━━━━━━━━━━━━━[0m[37m[0m [1m8s[0m 8s/step
{"prediction": [{"label": "Claire Sacro (0.85)", "confidence": 0.8520401120185852}]}

[1m1/1[0m [32m━━━━━━━━━━━━━━━━━━━━[0m[37m[0m [1m0s[0m 8s/step
[1m1/1[0m [32m━━━━━━━━━━━━━━━━━━━━[0m[37m[0m [1m8s[0m 8s/step
{"prediction": [{"label": "Unauthorized (0.66)", "confidence": 0.6551100611686707}]}

[1m1/1[0m [32m━━━━━━━━━━━━━━━━━━━━[0m[37m[0m [1m0s[0m 8s/step
[1m1/1[0m [32m━━━━━━━━━━━━━━━━━━━━[0m[37m[0m [1m8s[0m 8s/step
{"prediction": [{"label": "Unauthorized (0.51)", "confidence": 0.5051363706588745}]}

[1m1/1[0m [32m━━━━━━━━━━━━━━━━━━━━[0m[37m[0m [1m0s[0m 8s/step
[1m1/1[0m [32m━━━━━━━━━━━━━━━━━━━━[0m[37m[0m [1m8s[0m 8s/step
{"prediction": [{"label": "Unauthorized (0.48)", "confidence": 0.4774925708770752}]}

[1m1/1[0m [32m━━━━━━━━━━━━━━━━━━━━[0m[37m[0m [1m0s[0m 8s/step
[1m1/1[0m [32m━━━━━━━━━━━━━━━━━━━━[0m[37m[0m [1m8s[0m 8s/step
{"prediction": [{"label": "Unauthorized (0.71)", "confidence": 0.7111190557479858}]}

[1m1/1[0m [32m━━━━━━━━━━━━━━━━━━━━[0m[37m[0m [1m0s[0m 8s/step
[1m1/1[0m [32m━━━━━━━━━━━━━━━━━━━━[0m[37m[0m [1m8s[0m 8s/step
{"prediction": [{"label": "Michael Coton (0.77)", "confidence": 0.7733780145645142}]}

[1m1/1[0m [32m━━━━━━━━━━━━━━━━━━━━[0m[37m[0m [1m0s[0m 8s/step
[1m1/1[0m [32m━━━━━━━━━━━━━━━━━━━━[0m[37m[0m [1m8s[0m 8s/step
{"prediction": [{"label": "Mary Ann Paulin (0.72)", "confidence": 0.7192052602767944}]}

[1m1/1[0m [32m━━━━━━━━━━━━━━━━━━━━[0m[37m[0m [1m0s[0m 8s/step
[1m1/1[0m [32m━━━━━━━━━━━━━━━━━━━━[0m[37m[0m [1m8s[0m 8s/step
{"prediction": [{"label": "Unauthorized (0.79)", "confidence": 0.7862157821655273}]}

[1m1/1[0m [32m━━━━━━━━━━━━━━━━━━━━[0m[37m[0m [1m0s[0m 8s/step
[1m1/1[0m [32m━━━━━━━━━━━━━━━━━━━━[0m[37m[0m [1m8s[0m 8s/step
{"prediction": [{"label": "Unauthorized (0.78)", "confidence": 0.7759237289428711}]}

[1m1/1[0m [32m━━━━━━━━━━━━━━━━━━━━[0m[37m[0m [1m0s[0m 8s/step
[1m1/1[0m [32m━━━━━━━━━━━━━━━━━━━━[0m[37m[0m [1m8s[0m 8s/step
{"prediction": [{"label": "Unauthorized (0.81)", "confidence": 0.812680721282959}]}

[1m1/1[0m [32m━━━━━━━━━━━━━━━━━━━━[0m[37m[0m [1m0s[0m 8s/step
[1m1/1[0m [32m━━━━━━━━━━━━━━━━━━━━[0m[37m[0m [1m8s[0m 8s/step
{"prediction": [{"label": "Unauthorized (0.64)", "confidence": 0.6375659704208374}]}

[1m1/1[0m [32m━━━━━━━━━━━━━━━━━━━━[0m[37m[0m [1m0s[0m 3s/step
[1m1/1[0m [32m━━━━━━━━━━━━━━━━━━━━[0m[37m[0m [1m3s[0m 3s/step
{"prediction": [{"label": "Unauthorized (0.73)", "confidence": 0.7315399646759033}]}

[1m1/1[0m [32m━━━━━━━━━━━━━━━━━━━━[0m[37m[0m [1m0s[0m 3s/step
[1m1/1[0m [32m━━━━━━━━━━━━━━━━━━━━[0m[37m[0m [1m3s[0m 3s/step
{"prediction": [{"label": "Unauthorized (0.73)", "confidence": 0.7251856327056885}]}

[1m1/1[0m [32m━━━━━━━━━━━━━━━━━━━━[0m[37m[0m [1m0s[0m 3s/step
[1m1/1[0m [32m━━━━━━━━━━━━━━━━━━━━[0m[37m[0m [1m3s[0m 3s/step
{"prediction": [{"label": "Unauthorized (0.78)", "confidence": 0.7774944305419922}]}

[1m1/1[0m [32m━━━━━━━━━━━━━━━━━━━━[0m[37m[0m [1m0s[0m 3s/step
[1m1/1[0m [32m━━━━━━━━━━━━━━━━━━━━[0m[37m[0m [1m3s[0m 3s/step
{"prediction": [{"label": "Unauthorized (0.84)", "confidence": 0.838937520980835}]}

[1m1/1[0m [32m━━━━━━━━━━━━━━━━━━━━[0m[37m[0m [1m0s[0m 3s/step
[1m1/1[0m [32m━━━━━━━━━━━━━━━━━━━━[0m[37m[0m [1m3s[0m 3s/step
{"prediction": [{"label": "Unauthorized (0.80)", "confidence": 0.8038754463195801}]}

[1m1/1[0m [32m━━━━━━━━━━━━━━━━━━━━[0m[37m[0m [1m0s[0m 3s/step
[1m1/1[0m [32m━━━━━━━━━━━━━━━━━━━━[0m[37m[0m [1m3s[0m 3s/step
{"prediction": [{"label": "Unauthorized (0.84)", "confidence": 0.8422476053237915}]}

[1m1/1[0m [32m━━━━━━━━━━━━━━━━━━━━[0m[37m[0m [1m0s[0m 3s/step
[1m1/1[0m [32m━━━━━━━━━━━━━━━━━━━━[0m[37m[0m [1m3s[0m 3s/step
{"prediction": [{"label": "Unauthorized (0.77)", "confidence": 0.7728008031845093}]}

[1m1/1[0m [32m━━━━━━━━━━━━━━━━━━━━[0m[37m[0m [1m0s[0m 3s/step
[1m1/1[0m [32m━━━━━━━━━━━━━━━━━━━━[0m[37m[0m [1m3s[0m 3s/step
{"prediction": [{"label": "Unauthorized (0.83)", "confidence": 0.829266369342804}]}

[1m1/1[0m [32m━━━━━━━━━━━━━━━━━━━━[0m[37m[0m [1m0s[0m 3s/step
[1m1/1[0m [32m━━━━━━━━━━━━━━━━━━━━[0m[37m[0m [1m3s[0m 3s/step
{"prediction": [{"label": "Athena Campania (0.83)", "confidence": 0.8329727053642273}]}

[1m1/1[0m [32m━━━━━━━━━━━━━━━━━━━━[0m[37m[0m [1m0s[0m 8s/step
[1m1/1[0m [32m━━━━━━━━━━━━━━━━━━━━[0m[37m[0m [1m8s[0m 8s/step
{"prediction": [{"label": "Unauthorized (0.78)", "confidence": 0.7834345102310181}]}

[1m1/1[0m [32m━━━━━━━━━━━━━━━━━━━━[0m[37m[0m [1m0s[0m 8s/step
[1m1/1[0m [32m━━━━━━━━━━━━━━━━━━━━[0m[37m[0m [1m8s[0m 8s/step
{"prediction": [{"label": "Unauthorized (0.74)", "confidence": 0.7365848422050476}]}

[1m1/1[0m [32m━━━━━━━━━━━━━━━━━━━━[0m[37m[0m [1m0s[0m 8s/step
[1m1/1[0m [32m━━━━━━━━━━━━━━━━━━━━[0m[37m[0m [1m8s[0m 8s/step
{"prediction": [{"label": "Ejie Florida (0.82)", "confidence": 0.8194933533668518}]}

[1m1/1[0m [32m━━━━━━━━━━━━━━━━━━━━[0m[37m[0m [1m0s[0m 8s/step
[1m1/1[0m [32m━━━━━━━━━━━━━━━━━━━━[0m[37m[0m [1m8s[0m 8s/step
{"prediction": [{"label": "Ejie Florida (0.85)", "confidence": 0.8460561037063599}]}

[1m1/1[0m [32m━━━━━━━━━━━━━━━━━━━━[0m[37m[0m [1m0s[0m 8s/step
[1m1/1[0m [32m━━━━━━━━━━━━━━━━━━━━[0m[37m[0m [1m8s[0m 8s/step

[1m1/1[0m [32m━━━━━━━━━━━━━━━━━━━━[0m[37m[0m [1m0s[0m 149ms/step
[1m1/1[0m [32m━━━━━━━━━━━━━━━━━━━━[0m[37m[0m [1m0s[0m 149ms/step
{"prediction": [{"label": "Unauthorized (0.53)", "confidence": 0.5289369225502014}, {"label": "Unauthorized (0.32)", "confidence": 0.31708604097366333}]}

[1m1/1[0m [32m━━━━━━━━━━━━━━━━━━━━[0m[37m[0m [1m0s[0m 8s/step
[1m1/1[0m [32m━━━━━━━━━━━━━━━━━━━━[0m[37m[0m [1m8s[0m 8s/step
{"prediction": [{"label": "Unauthorized (0.76)", "confidence": 0.7616246938705444}]}

[1m1/1[0m [32m━━━━━━━━━━━━━━━━━━━━[0m[37m[0m [1m0s[0m 8s/step
[1m1/1[0m [32m━━━━━━━━━━━━━━━━━━━━[0m[37m[0m [1m8s[0m 8s/step
{"prediction": [{"label": "Mary Ann Paulin (0.81)", "confidence": 0.8103345632553101}]}

[1m1/1[0m [32m━━━━━━━━━━━━━━━━━━━━[0m[37m[0m [1m0s[0m 8s/step
[1m1/1[0m [32m━━━━━━━━━━━━━━━━━━━━[0m[37m[0m [1m8s[0m 8s/step
{"prediction": [{"label": "Unauthorized (0.69)", "confidence": 0.6885523200035095}]}

[1m1/1[0m [32m━━━━━━━━━━━━━━━━━━━━[0m[37m[0m [1m0s[0m 9s/step
[1m1/1[0m [32m━━━━━━━━━━━━━━━━━━━━[0m[37m[0m [1m9s[0m 9s/step
{"prediction": [{"label": "Unauthorized (0.56)", "confidence": 0.5626057386398315}]}

[1m1/1[0m [32m━━━━━━━━━━━━━━━━━━━━[0m[37m[0m [1m0s[0m 8s/step
[1m1/1[0m [32m━━━━━━━━━━━━━━━━━━━━[0m[37m[0m [1m8s[0m 8s/step
{"prediction": [{"label": "Unauthorized (0.56)", "confidence": 0.5626057386398315}]}

[1m1/1[0m [32m━━━━━━━━━━━━━━━━━━━━[0m[37m[0m [1m0s[0m 8s/step
[1m1/1[0m [32m━━━━━━━━━━━━━━━━━━━━[0m[37m[0m [1m8s[0m 8s/step
{"prediction": [{"label": "Ejie Florida (0.85)", "confidence": 0.8467724323272705}]}

[1m1/1[0m [32m━━━━━━━━━━━━━━━━━━━━[0m[37m[0m [1m0s[0m 8s/step
[1m1/1[0m [32m━━━━━━━━━━━━━━━━━━━━[0m[37m[0m [1m8s[0m 8s/step
{"prediction": [{"label": "Ejie Florida (0.81)", "confidence": 0.814026951789856}]}

[1m1/1[0m [32m━━━━━━━━━━━━━━━━━━━━[0m[37m[0m [1m0s[0m 12s/step
[1m1/1[0m [32m━━━━━━━━━━━━━━━━━━━━[0m[37m[0m [1m12s[0m 12s/step
{"prediction": [{"label": "Athena Campania (0.82)", "confidence": 0.8210543394088745}]}

[1m1/1[0m [32m━━━━━━━━━━━━━━━━━━━━[0m[37m[0m [1m0s[0m 6s/step
[1m1/1[0m [32m━━━━━━━━━━━━━━━━━━━━[0m[37m[0m [1m6s[0m 6s/step
{"prediction": [{"label": "Claire Sacro (0.81)", "confidence": 0.8114394545555115}]}

[1m1/1[0m [32m━━━━━━━━━━━━━━━━━━━━[0m[37m[0m [1m0s[0m 3s/step
[1m1/1[0m [32m━━━━━━━━━━━━━━━━━━━━[0m[37m[0m [1m3s[0m 3s/step
{"prediction": [{"label": "Unauthorized (0.77)", "confidence": 0.7728288173675537}]}

[1m1/1[0m [32m━━━━━━━━━━━━━━━━━━━━[0m[37m[0m [1m0s[0m 3s/step
[1m1/1[0m [32m━━━━━━━━━━━━━━━━━━━━[0m[37m[0m [1m3s[0m 3s/step
{"prediction": [{"label": "Unauthorized (0.79)", "confidence": 0.7874033451080322}]}

[1m1/1[0m [32m━━━━━━━━━━━━━━━━━━━━[0m[37m[0m [1m0s[0m 3s/step
[1m1/1[0m [32m━━━━━━━━━━━━━━━━━━━━[0m[37m[0m [1m3s[0m 3s/step
{"prediction": [{"label": "Ejie Florida (0.85)", "confidence": 0.8480175137519836}]}
{"error": "Failed to load image from ../captured_frames/captured_frame.png"}
{"error": "Failed to load image from ../captured_frames/captured_frame.png"}
{"error": "Failed to load image from ../captured_frames/captured_frame.png"}
{"error": "Failed to load image from ../captured_frames/captured_frame.png"}
{"error": "Failed to load image from ../captured_frames/captured_frame.png"}
{"error": "Failed to load image from ../captured_frames/captured_frame.png"}
{"error": "No faces detected in the image"}

[1m1/1[0m [32m━━━━━━━━━━━━━━━━━━━━[0m[37m[0m [1m0s[0m 9s/step
[1m1/1[0m [32m━━━━━━━━━━━━━━━━━━━━[0m[37m[0m [1m9s[0m 9s/step
{"prediction": [{"label": "Unauthorized (0.66)", "confidence": 0.6645345687866211}]}

[1m1/1[0m [32m━━━━━━━━━━━━━━━━━━━━[0m[37m[0m [1m0s[0m 9s/step
[1m1/1[0m [32m━━━━━━━━━━━━━━━━━━━━[0m[37m[0m [1m9s[0m 9s/step
{"prediction": [{"label": "Unauthorized (0.79)", "confidence": 0.7871121168136597}]}

[1m1/1[0m [32m━━━━━━━━━━━━━━━━━━━━[0m[37m[0m [1m0s[0m 9s/step
[1m1/1[0m [32m━━━━━━━━━━━━━━━━━━━━[0m[37m[0m [1m9s[0m 9s/step
{"prediction": [{"label": "Unauthorized (0.80)", "confidence": 0.7996283769607544}]}

[1m1/1[0m [32m━━━━━━━━━━━━━━━━━━━━[0m[37m[0m [1m0s[0m 9s/step
[1m1/1[0m [32m━━━━━━━━━━━━━━━━━━━━[0m[37m[0m [1m9s[0m 9s/step
{"prediction": [{"label": "Athena Campania (0.83)", "confidence": 0.8254913091659546}]}

[1m1/1[0m [32m━━━━━━━━━━━━━━━━━━━━[0m[37m[0m [1m0s[0m 4s/step
[1m1/1[0m [32m━━━━━━━━━━━━━━━━━━━━[0m[37m[0m [1m4s[0m 4s/step
{"prediction": [{"label": "Unauthorized (0.69)", "confidence": 0.686954140663147}]}

[1m1/1[0m [32m━━━━━━━━━━━━━━━━━━━━[0m[37m[0m [1m0s[0m 4s/step
[1m1/1[0m [32m━━━━━━━━━━━━━━━━━━━━[0m[37m[0m [1m4s[0m 4s/step
{"prediction": [{"label": "Ejie Florida (0.79)", "confidence": 0.7946442365646362}]}

[1m1/1[0m [32m━━━━━━━━━━━━━━━━━━━━[0m[37m[0m [1m0s[0m 3s/step
[1m1/1[0m [32m━━━━━━━━━━━━━━━━━━━━[0m[37m[0m [1m3s[0m 3s/step
{"prediction": [{"label": "Ejie Florida (0.82)", "confidence": 0.8160082101821899}]}

[1m1/1[0m [32m━━━━━━━━━━━━━━━━━━━━[0m[37m[0m [1m0s[0m 3s/step
[1m1/1[0m [32m━━━━━━━━━━━━━━━━━━━━[0m[37m[0m [1m3s[0m 3s/step
{"prediction": [{"label": "Ejie Florida (0.85)", "confidence": 0.8522171974182129}]}

[1m1/1[0m [32m━━━━━━━━━━━━━━━━━━━━[0m[37m[0m [1m0s[0m 3s/step
[1m1/1[0m [32m━━━━━━━━━━━━━━━━━━━━[0m[37m[0m [1m3s[0m 3s/step
{"prediction": [{"label": "Unauthorized (0.73)", "confidence": 0.7280746698379517}]}

[1m1/1[0m [32m━━━━━━━━━━━━━━━━━━━━[0m[37m[0m [1m0s[0m 3s/step
[1m1/1[0m [32m━━━━━━━━━━━━━━━━━━━━[0m[37m[0m [1m3s[0m 3s/step
{"prediction": [{"label": "Ejie Florida (0.83)", "confidence": 0.825813889503479}]}

[1m1/1[0m [32m━━━━━━━━━━━━━━━━━━━━[0m[37m[0m [1m0s[0m 3s/step
[1m1/1[0m [32m━━━━━━━━━━━━━━━━━━━━[0m[37m[0m [1m3s[0m 3s/step
{"prediction": [{"label": "Ejie Florida (0.78)", "confidence": 0.776955783367157}]}

[1m1/1[0m [32m━━━━━━━━━━━━━━━━━━━━[0m[37m[0m [1m0s[0m 3s/step
[1m1/1[0m [32m━━━━━━━━━━━━━━━━━━━━[0m[37m[0m [1m3s[0m 3s/step
{"prediction": [{"label": "Ejie Florida", "confidence": 0.7714577913284302}]}

[1m1/1[0m [32m━━━━━━━━━━━━━━━━━━━━[0m[37m[0m [1m0s[0m 3s/step
[1m1/1[0m [32m━━━━━━━━━━━━━━━━━━━━[0m[37m[0m [1m3s[0m 3s/step
{"prediction": [{"label": "Unauthorized (0.69)", "confidence": 0.6890146732330322}]}

[1m1/1[0m [32m━━━━━━━━━━━━━━━━━━━━[0m[37m[0m [1m0s[0m 3s/step
[1m1/1[0m [32m━━━━━━━━━━━━━━━━━━━━[0m[37m[0m [1m3s[0m 3s/step
{"prediction": [{"label": "Ejie Florida", "confidence": 0.7844599485397339}]}

[1m1/1[0m [32m━━━━━━━━━━━━━━━━━━━━[0m[37m[0m [1m0s[0m 3s/step
[1m1/1[0m [32m━━━━━━━━━━━━━━━━━━━━[0m[37m[0m [1m3s[0m 3s/step
{"prediction": [{"label": "Ejie Florida", "confidence": 0.7963356971740723}]}

[1m1/1[0m [32m━━━━━━━━━━━━━━━━━━━━[0m[37m[0m [1m0s[0m 3s/step
[1m1/1[0m [32m━━━━━━━━━━━━━━━━━━━━[0m[37m[0m [1m3s[0m 3s/step
{"prediction": [{"label": "Unauthorized (0.51)", "confidence": 0.510036289691925}]}

[1m1/1[0m [32m━━━━━━━━━━━━━━━━━━━━[0m[37m[0m [1m0s[0m 3s/step
[1m1/1[0m [32m━━━━━━━━━━━━━━━━━━━━[0m[37m[0m [1m3s[0m 3s/step
{"prediction": [{"label": "Unauthorized (0.72)", "confidence": 0.7210590839385986}]}

[1m1/1[0m [32m━━━━━━━━━━━━━━━━━━━━[0m[37m[0m [1m0s[0m 3s/step
[1m1/1[0m [32m━━━━━━━━━━━━━━━━━━━━[0m[37m[0m [1m3s[0m 3s/step
{"prediction": [{"label": "Ejie Florida", "confidence": 0.8390532732009888}]}

[1m1/1[0m [32m━━━━━━━━━━━━━━━━━━━━[0m[37m[0m [1m0s[0m 4s/step
[1m1/1[0m [32m━━━━━━━━━━━━━━━━━━━━[0m[37m[0m [1m4s[0m 4s/step
{"prediction": [{"label": "Ejie Florida", "confidence": 0.8121678829193115}]}
